{"timestamp": "2026-08-23T23:12:48.489018+00:00", "table": "hired_employees", "row": 2, "data": ["2", "Ty Hofer", "2021-05-30T05:43:46Z", "8", ""], "reasons": ["job_id is required"]}
{"timestamp": "2026-08-23T23:12:48.489425+00:00", "table": "hired_employees", "row": 67, "data": ["67", "Thia Morican", "2021-03-10T19:27:10Z", "", "104"], "reasons": ["department_id is required"]}
{"timestamp": "2026-08-23T23:12:48.489528+00:00", "table": "hired_employees", "row": 84, "data": ["84", "Ludvig Norwood", "2021-02-26T18:47:53Z", "3", ""], "reasons": ["job_id is required"]}
{"timestamp": "2026-08-23T23:12:48.489609+00:00", "table": "hired_employees", "row": 87, "data": ["87", "Cirstoforo Martinetto", "2021-10-15T09:19:20Z", "", "84"], "reasons": ["department_id is required"]}
{"timestamp": "2026-08-23T23:12:48.489696+00:00", "table": "hired_employees", "row": 97, "data": ["97", "Beltran Natte", "2021-11-01T05:12:01Z", "", "67"], "reasons": ["department_id is required"]}
{"timestamp": "2026-08-23T23:12:48.489789+00:00", "table": "hired_employees", "row": 133, "data": ["133", "Jennine Wapol", "2022-01-24T14:45:57Z", "", "49"], "reasons": ["department_id is required"]}
{"timestamp": "2026-08-23T23:12:48.489885+00:00", "table": "hired_employees", "row": 157, "data": ["157", "Kellia Barribal", "", "4", "61"], "reasons": ["datetime is required"]}
{"timestamp": "2026-08-23T23:12:48.489958+00:00", "table": "hired_employees", "row": 162, "data": ["162", "", "2021-04-22T14:31:39Z", "4", "91"], "reasons": ["name is required"]}
{"timestamp": "2026-08-23T23:12:48.490057+00:00", "table": "hired_employees", "row": 198, "data": ["198", "Carline Fryman", "2021-05-29T00:23:02Z", "5", ""], "reasons": ["job_id is required"]}
{"timestamp": "2026-08-23T23:12:48.490143+00:00", "table": "hired_employees", "row": 207, "data": ["207", "Ahmad Fader", "2021-05-03T04:57:25Z", "", "66"], "reasons": ["department_id is required"]}
{"timestamp": "2026-08-23T23:12:48.490232+00:00", "table": "hired_employees", "row": 216, "data": ["216", "Theobald Tzarkov", "2022-01-26T14:56:48Z", "", "87"], "reasons": ["department_id is required"]}
{"timestamp": "2026-08-23T23:12:48.490385+00:00", "table": "hired_employees", "row": 340, "data": ["340", "", "2022-01-13T21:09:49Z", "4", "45"], "reasons": ["name is required"]}
{"timestamp": "2026-08-23T23:12:48.490463+00:00", "table": "hired_employees", "row": 350, "data": ["350", "", "2021-07-13T23:34:40Z", "10", "86"], "reasons": ["name is required"]}
{"timestamp": "2026-08-23T23:12:48.490807+00:00", "table": "hired_employees", "row": 393, "data": ["393", "Bogey Hanwell", "2022-01-05T17:29:34Z", "6", ""], "reasons": ["job_id is required"]}
{"timestamp": "2026-08-23T23:12:48.490988+00:00", "table": "hired_employees", "row": 533, "data": ["533", "Tiertza Vanyashin", "2022-02-04T20:16:06Z", "3", ""], "reasons": ["job_id is required"]}
{"timestamp": "2026-08-23T23:12:48.491103+00:00", "table": "hired_employees", "row": 571, "data": ["571", "", "2021-11-28T02:28:40Z", "7", "69"], "reasons": ["name is required"]}
{"timestamp": "2026-08-23T23:12:48.491211+00:00", "table": "hired_employees", "row": 623, "data": ["623", "", "2022-01-04T17:42:48Z", "7", "48"], "reasons": ["name is required"]}
{"timestamp": "2026-08-23T23:12:48.491315+00:00", "table": "hired_employees", "row": 663, "data": ["663", "Catha Gowrie", "", "4", "85"], "reasons": ["datetime is required"]}
{"timestamp": "2026-08-23T23:12:48.491408+00:00", "table": "hired_employees", "row": 685, "data": ["685", "Bruno Pales", "2022-01-16T19:23:39Z", "", "92"], "reasons": ["department_id is required"]}
{"timestamp": "2026-08-23T23:12:48.491541+00:00", "table": "hired_employees", "row": 758, "data": ["758", "Dyanne Rainy", "2021-06-11T00:56:42Z", "8", ""], "reasons": ["job_id is required"]}
{"timestamp": "2026-08-23T23:12:48.491617+00:00", "table": "hired_employees", "row": 766, "data": ["766", "", "2021-05-31T05:31:53Z", "2", "67"], "reasons": ["name is required"]}
{"timestamp": "2026-08-23T23:12:48.491699+00:00", "table": "hired_employees", "row": 773, "data": ["773", "", "2021-11-16T02:34:50Z", "5", "35"], "reasons": ["name is required"]}
{"timestamp": "2026-08-23T23:12:48.491809+00:00", "table": "hired_employees", "row": 789, "data": ["789", "Jennine Fakeley", "", "2", "94"], "reasons": ["datetime is required"]}
{"timestamp": "2026-08-23T23:12:48.491894+00:00", "table": "hired_employees", "row": 792, "data": ["792", "Hetty Cawthery", "2022-01-21T11:08:04Z", "10", ""], "reasons": ["job_id is required"]}
{"timestamp": "2026-08-23T23:12:48.491993+00:00", "table": "hired_employees", "row": 824, "data": ["824", "Kaitlynn Rannald", "2021-04-18T15:11:19Z", "", "64"], "reasons": ["department_id is required"]}
{"timestamp": "2026-08-23T23:12:48.492070+00:00", "table": "hired_employees", "row": 831, "data": ["831", "", "2021-10-22T16:30:46Z", "6", "11"], "reasons": ["name is required"]}
{"timestamp": "2026-08-23T23:12:48.492150+00:00", "table": "hired_employees", "row": 832, "data": ["832", "Letta Paull", "2021-10-29T02:35:02Z", "", "122"], "reasons": ["department_id is required"]}
{"timestamp": "2026-08-23T23:12:48.492306+00:00", "table": "hired_employees", "row": 932, "data": ["932", "Celeste Stops", "2021-02-07T22:14:01Z", "8", ""], "reasons": ["job_id is required"]}
{"timestamp": "2026-08-23T23:12:48.492395+00:00", "table": "hired_employees", "row": 937, "data": ["937", "", "2021-03-26T20:41:40Z", "3", "60"], "reasons": ["name is required"]}
{"timestamp": "2026-08-23T23:12:48.492485+00:00", "table": "hired_employees", "row": 942, "data": ["942", "Joaquin Kamenar", "2021-11-29T11:54:05Z", "", "64"], "reasons": ["department_id is required"]}
{"timestamp": "2026-08-23T23:12:48.492580+00:00", "table": "hired_employees", "row": 955, "data": ["955", "Shena Gore", "2021-08-16T21:25:08Z", "9", ""], "reasons": ["job_id is required"]}
{"timestamp": "2026-08-23T23:12:48.492672+00:00", "table": "hired_employees", "row": 961, "data": ["961", "Lionello Andriesse", "2022-02-12T05:19:44Z", "8", ""], "reasons": ["job_id is required"]}
{"timestamp": "2026-08-23T23:12:48.492774+00:00", "table": "hired_employees", "row": 970, "data": ["970", "", "2021-08-08T06:06:40Z", "4", "33"], "reasons": ["name is required"]}
{"timestamp": "2026-08-23T23:12:48.492951+00:00", "table": "hired_employees", "row": 1049, "data": ["1049", "", "2021-05-08T23:05:13Z", "6", "91"], "reasons": ["name is required"]}
{"timestamp": "2026-08-23T23:12:48.493076+00:00", "table": "hired_employees", "row": 1092, "data": ["1092", "Floria Bineham", "", "7", "137"], "reasons": ["datetime is required"]}
{"timestamp": "2026-08-23T23:12:48.493208+00:00", "table": "hired_employees", "row": 1095, "data": ["1095", "Lowell Blaber", "", "9", "141"], "reasons": ["datetime is required"]}
{"timestamp": "2026-08-23T23:12:48.493320+00:00", "table": "hired_employees", "row": 1098, "data": ["1098", "Colman Bleesing", "2021-10-12T17:55:32Z", "", "77"], "reasons": ["department_id is required"]}
{"timestamp": "2026-08-23T23:12:48.493419+00:00", "table": "hired_employees", "row": 1110, "data": ["1110", "Renee Bowe", "2021-08-31T20:26:32Z", "", "112"], "reasons": ["department_id is required"]}
{"timestamp": "2026-08-23T23:12:48.493515+00:00", "table": "hired_employees", "row": 1130, "data": ["1130", "", "2021-10-19T08:43:38Z", "1", "128"], "reasons": ["name is required"]}
{"timestamp": "2026-08-23T23:12:48.493622+00:00", "table": "hired_employees", "row": 1170, "data": ["1170", "", "2021-03-15T10:47:48Z", "7", "130"], "reasons": ["name is required"]}
{"timestamp": "2026-08-23T23:12:48.493714+00:00", "table": "hired_employees", "row": 1195, "data": ["1195", "", "2021-08-13T09:22:18Z", "10", "54"], "reasons": ["name is required"]}
{"timestamp": "2026-08-23T23:12:48.493849+00:00", "table": "hired_employees", "row": 1252, "data": ["1252", "Merrily Di Biaggi", "", "7", "19"], "reasons": ["datetime is required"]}
{"timestamp": "2026-08-23T23:12:48.493943+00:00", "table": "hired_employees", "row": 1279, "data": ["1279", "Phaidra Dubbin", "2021-10-25T12:19:32Z", "", "38"], "reasons": ["department_id is required"]}
{"timestamp": "2026-08-23T23:12:48.494041+00:00", "table": "hired_employees", "row": 1304, "data": ["1304", "Tildie Elby", "2021-09-29T14:02:27Z", "8", ""], "reasons": ["job_id is required"]}
{"timestamp": "2026-08-23T23:12:48.494164+00:00", "table": "hired_employees", "row": 1322, "data": ["1322", "", "2021-03-26T23:44:34Z", "5", "47"], "reasons": ["name is required"]}
{"timestamp": "2026-08-23T23:12:48.494246+00:00", "table": "hired_employees", "row": 1323, "data": ["1323", "Erv Fazan", "", "8", "34"], "reasons": ["datetime is required"]}
{"timestamp": "2026-08-23T23:12:48.494378+00:00", "table": "hired_employees", "row": 1413, "data": ["1413", "Berna Grigorkin", "2021-08-02T13:21:07Z", "", "103"], "reasons": ["department_id is required"]}
{"timestamp": "2026-08-23T23:12:48.494479+00:00", "table": "hired_employees", "row": 1423, "data": ["1423", "Rozelle Hadleigh", "2021-08-08T01:23:27Z", "", "108"], "reasons": ["department_id is required"]}
{"timestamp": "2026-08-23T23:12:48.494561+00:00", "table": "hired_employees", "row": 1432, "data": ["1432", "Jerrine Hammerson", "2022-01-20T22:47:27Z", "", "98"], "reasons": ["department_id is required"]}
{"timestamp": "2026-08-23T23:12:48.494655+00:00", "table": "hired_employees", "row": 1463, "data": ["1463", "Shell Houdhury", "2022-01-04T17:20:18Z", "", "50"], "reasons": ["department_id is required"]}
{"timestamp": "2026-08-23T23:12:48.494735+00:00", "table": "hired_employees", "row": 1467, "data": ["1467", "Sully Huc", "", "8", "148"], "reasons": ["datetime is required"]}
{"timestamp": "2026-08-23T23:12:48.494872+00:00", "table": "hired_employees", "row": 1474, "data": ["1474", "Calhoun Iacovolo", "2021-03-06T03:02:20Z", "7", ""], "reasons": ["job_id is required"]}
{"timestamp": "2026-08-23T23:12:48.494979+00:00", "table": "hired_employees", "row": 1483, "data": ["1483", "Paco Ivain", "", "5", "41"], "reasons": ["datetime is required"]}
{"timestamp": "2026-08-23T23:12:48.495077+00:00", "table": "hired_employees", "row": 1493, "data": ["1493", "", "2021-03-20T10:48:47Z", "10", "153"], "reasons": ["name is required"]}
{"timestamp": "2026-08-23T23:12:48.495213+00:00", "table": "hired_employees", "row": 1523, "data": ["1523", "Darelle Kenaway", "2021-05-08T10:51:07Z", "7", ""], "reasons": ["job_id is required"]}
{"timestamp": "2026-08-23T23:12:48.495347+00:00", "table": "hired_employees", "row": 1561, "data": ["1561", "Saxon Lehmann", "2021-10-28T18:29:31Z", "3", ""], "reasons": ["job_id is required"]}
{"timestamp": "2026-08-23T23:12:48.495438+00:00", "table": "hired_employees", "row": 1589, "data": ["1589", "Emmeline MacGrath", "2021-12-12T04:57:39Z", "11", ""], "reasons": ["job_id is required"]}
{"timestamp": "2026-08-23T23:12:48.495516+00:00", "table": "hired_employees", "row": 1590, "data": ["1590", "Niven Mackrell", "2021-05-17T07:18:48Z", "", "85"], "reasons": ["department_id is required"]}
{"timestamp": "2026-08-23T23:12:48.495609+00:00", "table": "hired_employees", "row": 1613, "data": ["1613", "Sigrid Matysik", "2022-02-15T21:20:01Z", "", "143"], "reasons": ["department_id is required"]}
{"timestamp": "2026-08-23T23:12:48.495724+00:00", "table": "hired_employees", "row": 1686, "data": ["1686", "Bessy Oakeby", "", "4", "53"], "reasons": ["datetime is required"]}
{"timestamp": "2026-08-23T23:12:48.495810+00:00", "table": "hired_employees", "row": 1688, "data": ["1688", "", "2022-01-20T19:51:12Z", "11", "100"], "reasons": ["name is required"]}
{"timestamp": "2026-08-23T23:12:48.495897+00:00", "table": "hired_employees", "row": 1714, "data": ["1714", "Mala Pales", "2021-05-04T04:52:48Z", "", "70"], "reasons": ["department_id is required"]}
{"timestamp": "2026-08-23T23:12:48.496016+00:00", "table": "hired_employees", "row": 1780, "data": ["1780", "Annabelle Reilly", "", "6", "46"], "reasons": ["datetime is required"]}
{"timestamp": "2026-08-23T23:12:48.496100+00:00", "table": "hired_employees", "row": 1799, "data": ["1799", "", "2021-03-10T07:35:09Z", "8", "111"], "reasons": ["name is required"]}
{"timestamp": "2026-08-23T23:12:48.496182+00:00", "table": "hired_employees", "row": 1814, "data": ["1814", "Theodore Sammut", "", "6", "86"], "reasons": ["datetime is required"]}
{"timestamp": "2026-08-23T23:12:48.496294+00:00", "table": "hired_employees", "row": 1858, "data": ["1858", "", "2021-06-28T03:01:01Z", "6", "144"], "reasons": ["name is required"]}
{"timestamp": "2026-08-23T23:12:48.496369+00:00", "table": "hired_employees", "row": 1860, "data": ["1860", "Marin Slipper", "2022-02-08T10:39:02Z", "4", ""], "reasons": ["job_id is required"]}
{"timestamp": "2026-08-23T23:12:48.496448+00:00", "table": "hired_employees", "row": 1869, "data": ["1869", "Cesaro Solomon", "", "6", "66"], "reasons": ["datetime is required"]}
{"timestamp": "2026-08-23T23:12:48.496554+00:00", "table": "hired_employees", "row": 1925, "data": ["1925", "Cary Tothe", "", "3", "104"], "reasons": ["datetime is required"]}
{"timestamp": "2026-08-23T23:12:48.496671+00:00", "table": "hired_employees", "row": 1987, "data": ["1987", "Shaina Wyldish", "2021-12-13T10:05:09Z", "", "102"], "reasons": ["department_id is required"]}
